59@W
64@openssh
agmartin@debian
ajt@debian
alex@googlemail
alvar@meiko
ancell@canonical
and1000@debian
aron@debian
B@0
baruch@debian
BB@0
beattie@canonical
biebl@debian
bigon@debian
billh@gnome
birkir@midstod
branden@debian
brian@canonical
Bruce@Pixar
buchal@brailcom
byrum@canonical
ca@valencia
C@c
cdimage@ubuntu
chlor@schou
clameter@debian
clint@ubuntu
dapal@debian
dave@mielke
devel@lists
didrocks@ubuntu
director@chpi
D@P
ejad@debian
ejka@imfi
Elrond@Wunder
eric@integra
filippo@debian
foobar@baz
ftpmaster@ubuntu
Gelato@astro
gevatter@ubuntu
Hinderer@ens
hmh@debian
hmh@hmh
jamie@canonical
jmknoble@mercury
jon@jon
jplejacq@quoininc
jtang@tresys
kahan@informatik
kamppeter@gmail
kees@canonical
kees@ubuntu
kel@otaku42
kirkland@canonical
langasek@canonical
langasek@ubuntu
ledkovs@canonical
license@farsiweb
LQ똶@n
martin@piware
mick@kulgan
mike@piratehaven
miquels@cistron
mlang@delysid
mramadan@nattiq
msweet@apple
muzeo@wanadoo
myusername@realm
nico@fluxnic
org@fifthhorseman
osamu@debian
pdewacht@gmail
p@f
pitt@ubuntu
printing@lists
rafael@debian
rohar@gmail
rscsi@somehost
sable@users
scott@netsplit
shaunm@gnome
sivill@viewplus
sjoerd@debian
speechd@freebsoft
sr@latin
thibault@ens
Ungier@ViewPlus
user@example
user@host
username@site
walters@debian
W@r
x@lists
yan@mistigri
zsolt@infoalap
zulcss@ubuntu
